<?xml version="1.0" encoding="ISO-8859-1" ?>
<link_info>
   <banner>TMS320C2000 Linker PC v22.6.1.LTS</banner>
   <copyright>Copyright (c) 1996-2018 Texas Instruments Incorporated</copyright>
   <link_time>0x669729c3</link_time>
   <link_errors>0x0</link_errors>
   <output_file>REDEYE-CAS-Slave.out</output_file>
   <entry_point>
      <name>_c_int00</name>
      <address>0x339a91</address>
   </entry_point>
   <input_file_list>
      <input_file id="fl-2">
         <path>.\</path>
         <kind>object</kind>
         <file>DSP2833x_ADC_cal.obj</file>
         <name>DSP2833x_ADC_cal.obj</name>
      </input_file>
      <input_file id="fl-3">
         <path>.\</path>
         <kind>object</kind>
         <file>DSP2833x_CodeStartBranch.obj</file>
         <name>DSP2833x_CodeStartBranch.obj</name>
      </input_file>
      <input_file id="fl-4">
         <path>.\</path>
         <kind>object</kind>
         <file>DSP2833x_CpuTimers.obj</file>
         <name>DSP2833x_CpuTimers.obj</name>
      </input_file>
      <input_file id="fl-5">
         <path>.\</path>
         <kind>object</kind>
         <file>DSP2833x_DefaultIsr.obj</file>
         <name>DSP2833x_DefaultIsr.obj</name>
      </input_file>
      <input_file id="fl-6">
         <path>.\</path>
         <kind>object</kind>
         <file>DSP2833x_ECan.obj</file>
         <name>DSP2833x_ECan.obj</name>
      </input_file>
      <input_file id="fl-7">
         <path>.\</path>
         <kind>object</kind>
         <file>DSP2833x_GlobalVariableDefs.obj</file>
         <name>DSP2833x_GlobalVariableDefs.obj</name>
      </input_file>
      <input_file id="fl-8">
         <path>.\</path>
         <kind>object</kind>
         <file>DSP2833x_Gpio.obj</file>
         <name>DSP2833x_Gpio.obj</name>
      </input_file>
      <input_file id="fl-9">
         <path>.\</path>
         <kind>object</kind>
         <file>DSP2833x_MemCopy.obj</file>
         <name>DSP2833x_MemCopy.obj</name>
      </input_file>
      <input_file id="fl-a">
         <path>.\</path>
         <kind>object</kind>
         <file>DSP2833x_PieCtrl.obj</file>
         <name>DSP2833x_PieCtrl.obj</name>
      </input_file>
      <input_file id="fl-b">
         <path>.\</path>
         <kind>object</kind>
         <file>DSP2833x_PieVect.obj</file>
         <name>DSP2833x_PieVect.obj</name>
      </input_file>
      <input_file id="fl-c">
         <path>.\</path>
         <kind>object</kind>
         <file>DSP2833x_Sci.obj</file>
         <name>DSP2833x_Sci.obj</name>
      </input_file>
      <input_file id="fl-d">
         <path>.\</path>
         <kind>object</kind>
         <file>DSP2833x_SysCtrl.obj</file>
         <name>DSP2833x_SysCtrl.obj</name>
      </input_file>
      <input_file id="fl-e">
         <path>.\</path>
         <kind>object</kind>
         <file>DSP2833x_usDelay.obj</file>
         <name>DSP2833x_usDelay.obj</name>
      </input_file>
      <input_file id="fl-f">
         <path>.\</path>
         <kind>object</kind>
         <file>main.obj</file>
         <name>main.obj</name>
      </input_file>
      <input_file id="fl-10">
         <path>.\Module\Src\</path>
         <kind>object</kind>
         <file>ecan.obj</file>
         <name>ecan.obj</name>
      </input_file>
      <input_file id="fl-11">
         <path>.\Module\Src\</path>
         <kind>object</kind>
         <file>gpio.obj</file>
         <name>gpio.obj</name>
      </input_file>
      <input_file id="fl-12">
         <path>.\Module\Src\</path>
         <kind>object</kind>
         <file>sci.obj</file>
         <name>sci.obj</name>
      </input_file>
      <input_file id="fl-18">
         <kind>object</kind>
         <file>&lt;internal&gt;</file>
         <name>&lt;internal&gt;</name>
      </input_file>
      <input_file id="fl-24">
         <path>C:\ti\ccs1250\ccs\tools\compiler\ti-cgt-c2000_22.6.1.LTS\lib\</path>
         <kind>archive</kind>
         <file>rts2800_fpu32.lib</file>
         <name>vsprintf.c.obj</name>
      </input_file>
      <input_file id="fl-25">
         <path>C:\ti\ccs1250\ccs\tools\compiler\ti-cgt-c2000_22.6.1.LTS\lib\</path>
         <kind>archive</kind>
         <file>rts2800_fpu32.lib</file>
         <name>boot28.asm.obj</name>
      </input_file>
      <input_file id="fl-26">
         <path>C:\ti\ccs1250\ccs\tools\compiler\ti-cgt-c2000_22.6.1.LTS\lib\</path>
         <kind>archive</kind>
         <file>rts2800_fpu32.lib</file>
         <name>cpy_tbl.c.obj</name>
      </input_file>
      <input_file id="fl-27">
         <path>C:\ti\ccs1250\ccs\tools\compiler\ti-cgt-c2000_22.6.1.LTS\lib\</path>
         <kind>archive</kind>
         <file>rts2800_fpu32.lib</file>
         <name>memcpy.c.obj</name>
      </input_file>
      <input_file id="fl-28">
         <path>C:\ti\ccs1250\ccs\tools\compiler\ti-cgt-c2000_22.6.1.LTS\lib\</path>
         <kind>archive</kind>
         <file>rts2800_fpu32.lib</file>
         <name>pre_init.c.obj</name>
      </input_file>
      <input_file id="fl-29">
         <path>C:\ti\ccs1250\ccs\tools\compiler\ti-cgt-c2000_22.6.1.LTS\lib\</path>
         <kind>archive</kind>
         <file>rts2800_fpu32.lib</file>
         <name>startup.c.obj</name>
      </input_file>
      <input_file id="fl-2a">
         <path>C:\ti\ccs1250\ccs\tools\compiler\ti-cgt-c2000_22.6.1.LTS\lib\</path>
         <kind>archive</kind>
         <file>rts2800_fpu32.lib</file>
         <name>exit.c.obj</name>
      </input_file>
      <input_file id="fl-2b">
         <path>C:\ti\ccs1250\ccs\tools\compiler\ti-cgt-c2000_22.6.1.LTS\lib\</path>
         <kind>archive</kind>
         <file>rts2800_fpu32.lib</file>
         <name>_lock.c.obj</name>
      </input_file>
      <input_file id="fl-2c">
         <path>C:\ti\ccs1250\ccs\tools\compiler\ti-cgt-c2000_22.6.1.LTS\lib\</path>
         <kind>archive</kind>
         <file>rts2800_fpu32.lib</file>
         <name>args_main.c.obj</name>
      </input_file>
      <input_file id="fl-2d">
         <path>C:\ti\ccs1250\ccs\tools\compiler\ti-cgt-c2000_22.6.1.LTS\lib\</path>
         <kind>archive</kind>
         <file>rts2800_fpu32.lib</file>
         <name>_printfi.c.obj</name>
      </input_file>
      <input_file id="fl-2e">
         <path>C:\ti\ccs1250\ccs\tools\compiler\ti-cgt-c2000_22.6.1.LTS\lib\</path>
         <kind>archive</kind>
         <file>rts2800_fpu32.lib</file>
         <name>fd_cmp28.asm.obj</name>
      </input_file>
      <input_file id="fl-2f">
         <path>C:\ti\ccs1250\ccs\tools\compiler\ti-cgt-c2000_22.6.1.LTS\lib\</path>
         <kind>archive</kind>
         <file>rts2800_fpu32.lib</file>
         <name>fd_mpy28.asm.obj</name>
      </input_file>
      <input_file id="fl-30">
         <path>C:\ti\ccs1250\ccs\tools\compiler\ti-cgt-c2000_22.6.1.LTS\lib\</path>
         <kind>archive</kind>
         <file>rts2800_fpu32.lib</file>
         <name>fd_neg28.asm.obj</name>
      </input_file>
      <input_file id="fl-31">
         <path>C:\ti\ccs1250\ccs\tools\compiler\ti-cgt-c2000_22.6.1.LTS\lib\</path>
         <kind>archive</kind>
         <file>rts2800_fpu32.lib</file>
         <name>fd_sub28.asm.obj</name>
      </input_file>
      <input_file id="fl-32">
         <path>C:\ti\ccs1250\ccs\tools\compiler\ti-cgt-c2000_22.6.1.LTS\lib\</path>
         <kind>archive</kind>
         <file>rts2800_fpu32.lib</file>
         <name>fd_toi28.asm.obj</name>
      </input_file>
      <input_file id="fl-33">
         <path>C:\ti\ccs1250\ccs\tools\compiler\ti-cgt-c2000_22.6.1.LTS\lib\</path>
         <kind>archive</kind>
         <file>rts2800_fpu32.lib</file>
         <name>fd_tol28.asm.obj</name>
      </input_file>
      <input_file id="fl-34">
         <path>C:\ti\ccs1250\ccs\tools\compiler\ti-cgt-c2000_22.6.1.LTS\lib\</path>
         <kind>archive</kind>
         <file>rts2800_fpu32.lib</file>
         <name>ll_aox28.asm.obj</name>
      </input_file>
      <input_file id="fl-35">
         <path>C:\ti\ccs1250\ccs\tools\compiler\ti-cgt-c2000_22.6.1.LTS\lib\</path>
         <kind>archive</kind>
         <file>rts2800_fpu32.lib</file>
         <name>ll_cmp28.asm.obj</name>
      </input_file>
      <input_file id="fl-36">
         <path>C:\ti\ccs1250\ccs\tools\compiler\ti-cgt-c2000_22.6.1.LTS\lib\</path>
         <kind>archive</kind>
         <file>rts2800_fpu32.lib</file>
         <name>ll_div28.asm.obj</name>
      </input_file>
      <input_file id="fl-37">
         <path>C:\ti\ccs1250\ccs\tools\compiler\ti-cgt-c2000_22.6.1.LTS\lib\</path>
         <kind>archive</kind>
         <file>rts2800_fpu32.lib</file>
         <name>i_tofd28.asm.obj</name>
      </input_file>
      <input_file id="fl-38">
         <path>C:\ti\ccs1250\ccs\tools\compiler\ti-cgt-c2000_22.6.1.LTS\lib\</path>
         <kind>archive</kind>
         <file>rts2800_fpu32.lib</file>
         <name>l_tofd28.asm.obj</name>
      </input_file>
      <input_file id="fl-39">
         <path>C:\ti\ccs1250\ccs\tools\compiler\ti-cgt-c2000_22.6.1.LTS\lib\</path>
         <kind>archive</kind>
         <file>rts2800_fpu32.lib</file>
         <name>fs_tofdfpu32.asm.obj</name>
      </input_file>
      <input_file id="fl-3a">
         <path>C:\ti\ccs1250\ccs\tools\compiler\ti-cgt-c2000_22.6.1.LTS\lib\</path>
         <kind>archive</kind>
         <file>rts2800_fpu32.lib</file>
         <name>fd_div28.asm.obj</name>
      </input_file>
      <input_file id="fl-3b">
         <path>C:\ti\ccs1250\ccs\tools\compiler\ti-cgt-c2000_22.6.1.LTS\lib\</path>
         <kind>archive</kind>
         <file>rts2800_fpu32.lib</file>
         <name>_ltoa.c.obj</name>
      </input_file>
      <input_file id="fl-3c">
         <path>C:\ti\ccs1250\ccs\tools\compiler\ti-cgt-c2000_22.6.1.LTS\lib\</path>
         <kind>archive</kind>
         <file>rts2800_fpu32.lib</file>
         <name>atoi.c.obj</name>
      </input_file>
      <input_file id="fl-3d">
         <path>C:\ti\ccs1250\ccs\tools\compiler\ti-cgt-c2000_22.6.1.LTS\lib\</path>
         <kind>archive</kind>
         <file>rts2800_fpu32.lib</file>
         <name>ctype.c.obj</name>
      </input_file>
      <input_file id="fl-3e">
         <path>C:\ti\ccs1250\ccs\tools\compiler\ti-cgt-c2000_22.6.1.LTS\lib\</path>
         <kind>archive</kind>
         <file>rts2800_fpu32.lib</file>
         <name>memccpy.c.obj</name>
      </input_file>
      <input_file id="fl-3f">
         <path>C:\ti\ccs1250\ccs\tools\compiler\ti-cgt-c2000_22.6.1.LTS\lib\</path>
         <kind>archive</kind>
         <file>rts2800_fpu32.lib</file>
         <name>memset.c.obj</name>
      </input_file>
      <input_file id="fl-40">
         <path>C:\ti\ccs1250\ccs\tools\compiler\ti-cgt-c2000_22.6.1.LTS\lib\</path>
         <kind>archive</kind>
         <file>rts2800_fpu32.lib</file>
         <name>strchr.c.obj</name>
      </input_file>
      <input_file id="fl-41">
         <path>C:\ti\ccs1250\ccs\tools\compiler\ti-cgt-c2000_22.6.1.LTS\lib\</path>
         <kind>archive</kind>
         <file>rts2800_fpu32.lib</file>
         <name>strcpy.c.obj</name>
      </input_file>
      <input_file id="fl-42">
         <path>C:\ti\ccs1250\ccs\tools\compiler\ti-cgt-c2000_22.6.1.LTS\lib\</path>
         <kind>archive</kind>
         <file>rts2800_fpu32.lib</file>
         <name>strlen.c.obj</name>
      </input_file>
      <input_file id="fl-43">
         <path>C:\ti\ccs1250\ccs\tools\compiler\ti-cgt-c2000_22.6.1.LTS\lib\</path>
         <kind>archive</kind>
         <file>rts2800_fpu32.lib</file>
         <name>s_frexp.c.obj</name>
      </input_file>
      <input_file id="fl-44">
         <path>C:\ti\ccs1250\ccs\tools\compiler\ti-cgt-c2000_22.6.1.LTS\lib\</path>
         <kind>archive</kind>
         <file>rts2800_fpu32.lib</file>
         <name>s_scalbn.c.obj</name>
      </input_file>
      <input_file id="fl-45">
         <path>C:\ti\ccs1250\ccs\tools\compiler\ti-cgt-c2000_22.6.1.LTS\lib\</path>
         <kind>archive</kind>
         <file>rts2800_fpu32.lib</file>
         <name>wcslen.c.obj</name>
      </input_file>
      <input_file id="fl-46">
         <path>C:\ti\ccs1250\ccs\tools\compiler\ti-cgt-c2000_22.6.1.LTS\lib\</path>
         <kind>archive</kind>
         <file>rts2800_fpu32.lib</file>
         <name>fd_add28.asm.obj</name>
      </input_file>
      <input_file id="fl-47">
         <path>C:\ti\ccs1250\ccs\tools\compiler\ti-cgt-c2000_22.6.1.LTS\lib\</path>
         <kind>archive</kind>
         <file>rts2800_fpu32.lib</file>
         <name>l_div28.asm.obj</name>
      </input_file>
      <input_file id="fl-48">
         <path>C:\ti\ccs1250\ccs\tools\compiler\ti-cgt-c2000_22.6.1.LTS\lib\</path>
         <kind>archive</kind>
         <file>rts2800_fpu32.lib</file>
         <name>errno.c.obj</name>
      </input_file>
      <input_file id="fl-49">
         <path>C:\ti\ccs1250\ccs\tools\compiler\ti-cgt-c2000_22.6.1.LTS\lib\</path>
         <kind>archive</kind>
         <file>rts2800_fpu32.lib</file>
         <name>s_copysign.c.obj</name>
      </input_file>
   </input_file_list>
   <object_component_list>
      <object_component id="oc-fc">
         <name>.cinit</name>
         <load_address>0x33a130</load_address>
         <run_address>0x33a130</run_address>
         <size>0xe</size>
         <input_file_ref idref="fl-2a"/>
      </object_component>
      <object_component id="oc-1a8">
         <name>.cinit:__lock</name>
         <load_address>0x33a13e</load_address>
         <run_address>0x33a13e</run_address>
         <size>0x5</size>
         <input_file_ref idref="fl-2b"/>
      </object_component>
      <object_component id="oc-1b5">
         <name>.cinit:__unlock</name>
         <load_address>0x33a143</load_address>
         <run_address>0x33a143</run_address>
         <size>0x5</size>
         <input_file_ref idref="fl-2b"/>
      </object_component>
      <object_component id="oc-1b9">
         <name>.cinit:_gMbox0Buff</name>
         <load_address>0x33a148</load_address>
         <run_address>0x33a148</run_address>
         <size>0x4</size>
         <input_file_ref idref="fl-10"/>
      </object_component>
      <object_component id="oc-1a3">
         <name>.cinit:_gMbox1Buff</name>
         <load_address>0x33a14c</load_address>
         <run_address>0x33a14c</run_address>
         <size>0x4</size>
         <input_file_ref idref="fl-10"/>
      </object_component>
      <object_component id="oc-c7">
         <name>.cinit</name>
         <load_address>0x33a150</load_address>
         <run_address>0x33a150</run_address>
         <size>0x4</size>
         <input_file_ref idref="fl-10"/>
      </object_component>
      <object_component id="oc-195">
         <name>.cinit</name>
         <load_address>0x33a154</load_address>
         <run_address>0x33a154</run_address>
         <size>0x4</size>
         <input_file_ref idref="fl-48"/>
      </object_component>
      <object_component id="oc-d5">
         <name>.cinit</name>
         <load_address>0x33a158</load_address>
         <run_address>0x33a158</run_address>
         <size>0x4</size>
         <input_file_ref idref="fl-12"/>
      </object_component>
      <object_component id="oc-1c0">
         <name>.text</name>
         <load_address>0x338000</load_address>
         <run_address>0x338000</run_address>
         <size>0x6d0</size>
         <input_file_ref idref="fl-2d"/>
      </object_component>
      <object_component id="oc-1bb">
         <name>.text:__TI_printfi</name>
         <load_address>0x3386d0</load_address>
         <run_address>0x3386d0</run_address>
         <size>0x5f5</size>
         <input_file_ref idref="fl-2d"/>
      </object_component>
      <object_component id="oc-5f">
         <name>.text:retain</name>
         <load_address>0x338cc5</load_address>
         <run_address>0x338cc5</run_address>
         <size>0x316</size>
         <input_file_ref idref="fl-5"/>
      </object_component>
      <object_component id="oc-1b3">
         <name>.text</name>
         <load_address>0x338fdb</load_address>
         <run_address>0x338fdb</run_address>
         <size>0x184</size>
         <input_file_ref idref="fl-10"/>
      </object_component>
      <object_component id="oc-1ad">
         <name>.text</name>
         <load_address>0x33915f</load_address>
         <run_address>0x33915f</run_address>
         <size>0x132</size>
         <input_file_ref idref="fl-6"/>
      </object_component>
      <object_component id="oc-1b2">
         <name>.text</name>
         <load_address>0x339291</load_address>
         <run_address>0x339291</run_address>
         <size>0x116</size>
         <input_file_ref idref="fl-11"/>
      </object_component>
      <object_component id="oc-1b1">
         <name>.text</name>
         <load_address>0x3393a7</load_address>
         <run_address>0x3393a7</run_address>
         <size>0x10e</size>
         <input_file_ref idref="fl-12"/>
      </object_component>
      <object_component id="oc-13b">
         <name>.text</name>
         <load_address>0x3394b5</load_address>
         <run_address>0x3394b5</run_address>
         <size>0x107</size>
         <input_file_ref idref="fl-36"/>
      </object_component>
      <object_component id="oc-1aa">
         <name>.text</name>
         <load_address>0x3395bc</load_address>
         <run_address>0x3395bc</run_address>
         <size>0xf7</size>
         <input_file_ref idref="fl-d"/>
      </object_component>
      <object_component id="oc-1a6">
         <name>.text</name>
         <load_address>0x3396b3</load_address>
         <run_address>0x3396b3</run_address>
         <size>0xda</size>
         <input_file_ref idref="fl-f"/>
      </object_component>
      <object_component id="oc-1c6">
         <name>.text</name>
         <load_address>0x33978d</load_address>
         <run_address>0x33978d</run_address>
         <size>0xa9</size>
         <input_file_ref idref="fl-44"/>
      </object_component>
      <object_component id="oc-18a">
         <name>.text</name>
         <load_address>0x339836</load_address>
         <run_address>0x339836</run_address>
         <size>0x9c</size>
         <input_file_ref idref="fl-46"/>
      </object_component>
      <object_component id="oc-14f">
         <name>.text</name>
         <load_address>0x3398d2</load_address>
         <run_address>0x3398d2</run_address>
         <size>0x8b</size>
         <input_file_ref idref="fl-3a"/>
      </object_component>
      <object_component id="oc-118">
         <name>.text</name>
         <load_address>0x33995d</load_address>
         <run_address>0x33995d</run_address>
         <size>0x83</size>
         <input_file_ref idref="fl-2f"/>
      </object_component>
      <object_component id="oc-1c5">
         <name>.text</name>
         <load_address>0x3399e0</load_address>
         <run_address>0x3399e0</run_address>
         <size>0x5a</size>
         <input_file_ref idref="fl-43"/>
      </object_component>
      <object_component id="oc-c9">
         <name>.text:retain</name>
         <load_address>0x339a3a</load_address>
         <run_address>0x339a3a</run_address>
         <size>0x57</size>
         <input_file_ref idref="fl-10"/>
      </object_component>
      <object_component id="oc-4c">
         <name>.text</name>
         <load_address>0x339a91</load_address>
         <run_address>0x339a91</run_address>
         <size>0x56</size>
         <input_file_ref idref="fl-25"/>
      </object_component>
      <object_component id="oc-1ac">
         <name>.text</name>
         <load_address>0x339ae7</load_address>
         <run_address>0x339ae7</run_address>
         <size>0x48</size>
         <input_file_ref idref="fl-c"/>
      </object_component>
      <object_component id="oc-1bc">
         <name>.text</name>
         <load_address>0x339b2f</load_address>
         <run_address>0x339b2f</run_address>
         <size>0x31</size>
         <input_file_ref idref="fl-3c"/>
      </object_component>
      <object_component id="oc-d7">
         <name>.text:retain</name>
         <load_address>0x339b60</load_address>
         <run_address>0x339b60</run_address>
         <size>0x30</size>
         <input_file_ref idref="fl-12"/>
      </object_component>
      <object_component id="oc-1c4">
         <name>.text</name>
         <load_address>0x339b90</load_address>
         <run_address>0x339b90</run_address>
         <size>0x30</size>
         <input_file_ref idref="fl-3b"/>
      </object_component>
      <object_component id="oc-1b7">
         <name>.text</name>
         <load_address>0x339bc0</load_address>
         <run_address>0x339bc0</run_address>
         <size>0x30</size>
         <input_file_ref idref="fl-24"/>
      </object_component>
      <object_component id="oc-113">
         <name>.text</name>
         <load_address>0x339bf0</load_address>
         <run_address>0x339bf0</run_address>
         <size>0x2a</size>
         <input_file_ref idref="fl-2e"/>
      </object_component>
      <object_component id="oc-18f">
         <name>.text</name>
         <load_address>0x339c1a</load_address>
         <run_address>0x339c1a</run_address>
         <size>0x2a</size>
         <input_file_ref idref="fl-47"/>
      </object_component>
      <object_component id="oc-1a1">
         <name>.text</name>
         <load_address>0x339c44</load_address>
         <run_address>0x339c44</run_address>
         <size>0x29</size>
         <input_file_ref idref="fl-2a"/>
      </object_component>
      <object_component id="oc-1ae">
         <name>.text</name>
         <load_address>0x339c6d</load_address>
         <run_address>0x339c6d</run_address>
         <size>0x28</size>
         <input_file_ref idref="fl-a"/>
      </object_component>
      <object_component id="oc-19e">
         <name>.text</name>
         <load_address>0x339c95</load_address>
         <run_address>0x339c95</run_address>
         <size>0x24</size>
         <input_file_ref idref="fl-26"/>
      </object_component>
      <object_component id="oc-1c8">
         <name>.text</name>
         <load_address>0x339cb9</load_address>
         <run_address>0x339cb9</run_address>
         <size>0x24</size>
         <input_file_ref idref="fl-49"/>
      </object_component>
      <object_component id="oc-127">
         <name>.text</name>
         <load_address>0x339cdd</load_address>
         <run_address>0x339cdd</run_address>
         <size>0x21</size>
         <input_file_ref idref="fl-32"/>
      </object_component>
      <object_component id="oc-1af">
         <name>.text</name>
         <load_address>0x339cfe</load_address>
         <run_address>0x339cfe</run_address>
         <size>0x20</size>
         <input_file_ref idref="fl-b"/>
      </object_component>
      <object_component id="oc-12c">
         <name>.text</name>
         <load_address>0x339d1e</load_address>
         <run_address>0x339d1e</run_address>
         <size>0x1f</size>
         <input_file_ref idref="fl-33"/>
      </object_component>
      <object_component id="oc-136">
         <name>.text</name>
         <load_address>0x339d3d</load_address>
         <run_address>0x339d3d</run_address>
         <size>0x1e</size>
         <input_file_ref idref="fl-35"/>
      </object_component>
      <object_component id="oc-140">
         <name>.text</name>
         <load_address>0x339d5b</load_address>
         <run_address>0x339d5b</run_address>
         <size>0x1d</size>
         <input_file_ref idref="fl-37"/>
      </object_component>
      <object_component id="oc-1a5">
         <name>.text</name>
         <load_address>0x339d78</load_address>
         <run_address>0x339d78</run_address>
         <size>0x1d</size>
         <input_file_ref idref="fl-27"/>
      </object_component>
      <object_component id="oc-14a">
         <name>.text</name>
         <load_address>0x339d95</load_address>
         <run_address>0x339d95</run_address>
         <size>0x1c</size>
         <input_file_ref idref="fl-39"/>
      </object_component>
      <object_component id="oc-145">
         <name>.text</name>
         <load_address>0x339db1</load_address>
         <run_address>0x339db1</run_address>
         <size>0x1c</size>
         <input_file_ref idref="fl-38"/>
      </object_component>
      <object_component id="oc-131">
         <name>.text</name>
         <load_address>0x339dcd</load_address>
         <run_address>0x339dcd</run_address>
         <size>0x18</size>
         <input_file_ref idref="fl-34"/>
      </object_component>
      <object_component id="oc-1ab">
         <name>.text</name>
         <load_address>0x339de5</load_address>
         <run_address>0x339de5</run_address>
         <size>0x17</size>
         <input_file_ref idref="fl-8"/>
      </object_component>
      <object_component id="oc-1b0">
         <name>.text</name>
         <load_address>0x339dfc</load_address>
         <run_address>0x339dfc</run_address>
         <size>0x13</size>
         <input_file_ref idref="fl-9"/>
      </object_component>
      <object_component id="oc-1a0">
         <name>.text</name>
         <load_address>0x339e0f</load_address>
         <run_address>0x339e0f</run_address>
         <size>0x12</size>
         <input_file_ref idref="fl-2c"/>
      </object_component>
      <object_component id="oc-1c1">
         <name>.text</name>
         <load_address>0x339e21</load_address>
         <run_address>0x339e21</run_address>
         <size>0x10</size>
         <input_file_ref idref="fl-3e"/>
      </object_component>
      <object_component id="oc-122">
         <name>.text</name>
         <load_address>0x339e31</load_address>
         <run_address>0x339e31</run_address>
         <size>0xe</size>
         <input_file_ref idref="fl-31"/>
      </object_component>
      <object_component id="oc-1c7">
         <name>.text</name>
         <load_address>0x339e3f</load_address>
         <run_address>0x339e3f</run_address>
         <size>0xc</size>
         <input_file_ref idref="fl-40"/>
      </object_component>
      <object_component id="oc-1b4">
         <name>.text</name>
         <load_address>0x339e4b</load_address>
         <run_address>0x339e4b</run_address>
         <size>0x9</size>
         <input_file_ref idref="fl-2b"/>
      </object_component>
      <object_component id="oc-11d">
         <name>.text</name>
         <load_address>0x339e54</load_address>
         <run_address>0x339e54</run_address>
         <size>0x9</size>
         <input_file_ref idref="fl-30"/>
      </object_component>
      <object_component id="oc-1c2">
         <name>.text</name>
         <load_address>0x339e5d</load_address>
         <run_address>0x339e5d</run_address>
         <size>0x9</size>
         <input_file_ref idref="fl-45"/>
      </object_component>
      <object_component id="oc-52">
         <name>.text</name>
         <load_address>0x339e66</load_address>
         <run_address>0x339e66</run_address>
         <size>0x8</size>
         <input_file_ref idref="fl-3"/>
      </object_component>
      <object_component id="oc-1bd">
         <name>.text</name>
         <load_address>0x339e6e</load_address>
         <run_address>0x339e6e</run_address>
         <size>0x8</size>
         <input_file_ref idref="fl-42"/>
      </object_component>
      <object_component id="oc-1be">
         <name>.text</name>
         <load_address>0x339e76</load_address>
         <run_address>0x339e76</run_address>
         <size>0x7</size>
         <input_file_ref idref="fl-3f"/>
      </object_component>
      <object_component id="oc-1bf">
         <name>.text</name>
         <load_address>0x339e7d</load_address>
         <run_address>0x339e7d</run_address>
         <size>0x5</size>
         <input_file_ref idref="fl-41"/>
      </object_component>
      <object_component id="oc-19d">
         <name>.text</name>
         <load_address>0x339e82</load_address>
         <run_address>0x339e82</run_address>
         <size>0x2</size>
         <input_file_ref idref="fl-28"/>
      </object_component>
      <object_component id="oc-19f">
         <name>.text</name>
         <load_address>0x339e84</load_address>
         <run_address>0x339e84</run_address>
         <size>0x1</size>
         <input_file_ref idref="fl-29"/>
      </object_component>
      <object_component id="oc-53">
         <name>codestart</name>
         <load_address>0x33fff6</load_address>
         <run_address>0x33fff6</run_address>
         <size>0x2</size>
         <input_file_ref idref="fl-3"/>
      </object_component>
      <object_component id="oc-bb">
         <name>.TI.ramfunc</name>
         <load_address>0x320000</load_address>
         <run_address>0x8000</run_address>
         <size>0x4</size>
         <input_file_ref idref="fl-e"/>
      </object_component>
      <object_component id="oc-e1">
         <name>.stack</name>
         <uninitialized>true</uninitialized>
         <run_address>0xd000</run_address>
         <size>0x0</size>
         <input_file_ref idref="fl-25"/>
      </object_component>
      <object_component id="oc-21e">
         <name>.stack</name>
         <uninitialized>true</uninitialized>
         <run_address>0xd000</run_address>
         <size>0x0</size>
      </object_component>
      <object_component id="oc-59">
         <name>.ebss</name>
         <uninitialized>true</uninitialized>
         <run_address>0xc140</run_address>
         <size>0x18</size>
         <input_file_ref idref="fl-4"/>
      </object_component>
      <object_component id="oc-c8">
         <name>.ebss</name>
         <uninitialized>true</uninitialized>
         <run_address>0xc100</run_address>
         <size>0x36</size>
         <input_file_ref idref="fl-10"/>
      </object_component>
      <object_component id="oc-1b8">
         <name>.ebss:_gMbox0Buff</name>
         <uninitialized>true</uninitialized>
         <run_address>0xc136</run_address>
         <size>0x8</size>
         <input_file_ref idref="fl-10"/>
      </object_component>
      <object_component id="oc-1a2">
         <name>.ebss:_gMbox1Buff</name>
         <uninitialized>true</uninitialized>
         <run_address>0xc158</run_address>
         <size>0x8</size>
         <input_file_ref idref="fl-10"/>
      </object_component>
      <object_component id="oc-d6">
         <name>.ebss</name>
         <uninitialized>true</uninitialized>
         <run_address>0xc169</run_address>
         <size>0x1</size>
         <input_file_ref idref="fl-12"/>
      </object_component>
      <object_component id="oc-1a4">
         <name>.ebss:_gRxBuf</name>
         <uninitialized>true</uninitialized>
         <run_address>0xc000</run_address>
         <size>0x100</size>
         <input_file_ref idref="fl-12"/>
      </object_component>
      <object_component id="oc-fd">
         <name>.ebss</name>
         <uninitialized>true</uninitialized>
         <run_address>0xc160</run_address>
         <size>0x6</size>
         <input_file_ref idref="fl-2a"/>
      </object_component>
      <object_component id="oc-1a7">
         <name>.ebss:__lock</name>
         <uninitialized>true</uninitialized>
         <run_address>0xc13e</run_address>
         <size>0x2</size>
         <input_file_ref idref="fl-2b"/>
      </object_component>
      <object_component id="oc-1ba">
         <name>.ebss:__unlock</name>
         <uninitialized>true</uninitialized>
         <run_address>0xc166</run_address>
         <size>0x2</size>
         <input_file_ref idref="fl-2b"/>
      </object_component>
      <object_component id="oc-196">
         <name>.ebss</name>
         <uninitialized>true</uninitialized>
         <run_address>0xc168</run_address>
         <size>0x1</size>
         <input_file_ref idref="fl-48"/>
      </object_component>
      <object_component id="oc-1c3">
         <name>.econst:.string:__ctypes_</name>
         <load_address>0x339e86</load_address>
         <run_address>0x339e86</run_address>
         <size>0x101</size>
         <input_file_ref idref="fl-3d"/>
      </object_component>
      <object_component id="oc-1b6">
         <name>.econst:_PieVectTableInit</name>
         <load_address>0x339f88</load_address>
         <run_address>0x339f88</run_address>
         <size>0x100</size>
         <input_file_ref idref="fl-b"/>
      </object_component>
      <object_component id="oc-10e">
         <name>.econst:.string</name>
         <load_address>0x33a088</load_address>
         <run_address>0x33a088</run_address>
         <size>0x26</size>
         <input_file_ref idref="fl-2d"/>
      </object_component>
      <object_component id="oc-ca">
         <name>.econst:.string</name>
         <load_address>0x33a0ae</load_address>
         <run_address>0x33a0ae</run_address>
         <size>0x20</size>
         <input_file_ref idref="fl-10"/>
      </object_component>
      <object_component id="oc-10d">
         <name>.econst</name>
         <load_address>0x33a0ce</load_address>
         <run_address>0x33a0ce</run_address>
         <size>0x1c</size>
         <input_file_ref idref="fl-2d"/>
      </object_component>
      <object_component id="oc-180">
         <name>.econst</name>
         <load_address>0x33a0ea</load_address>
         <run_address>0x33a0ea</run_address>
         <size>0x1c</size>
         <input_file_ref idref="fl-44"/>
      </object_component>
      <object_component id="oc-c1">
         <name>.econst:.string</name>
         <load_address>0x33a106</load_address>
         <run_address>0x33a106</run_address>
         <size>0x19</size>
         <input_file_ref idref="fl-f"/>
      </object_component>
      <object_component id="oc-1a9">
         <name>.econst:.string:_$P$T0$1</name>
         <load_address>0x33a11f</load_address>
         <run_address>0x33a11f</run_address>
         <size>0x8</size>
         <input_file_ref idref="fl-f"/>
      </object_component>
      <object_component id="oc-17a">
         <name>.econst</name>
         <load_address>0x33a128</load_address>
         <run_address>0x33a128</run_address>
         <size>0x8</size>
         <input_file_ref idref="fl-43"/>
      </object_component>
      <object_component id="oc-e2">
         <name>.reset</name>
         <load_address>0x3fffc0</load_address>
         <run_address>0x3fffc0</run_address>
         <size>0x2</size>
         <input_file_ref idref="fl-25"/>
      </object_component>
      <object_component id="oc-4d">
         <name>.adc_cal</name>
         <load_address>0x380080</load_address>
         <run_address>0x380080</run_address>
         <size>0x7</size>
         <input_file_ref idref="fl-2"/>
      </object_component>
      <object_component id="oc-9b">
         <name>PieVectTableFile</name>
         <uninitialized>true</uninitialized>
         <run_address>0xd00</run_address>
         <size>0x100</size>
         <input_file_ref idref="fl-7"/>
      </object_component>
      <object_component id="oc-97">
         <name>DevEmuRegsFile</name>
         <uninitialized>true</uninitialized>
         <run_address>0x880</run_address>
         <size>0xd0</size>
         <input_file_ref idref="fl-7"/>
      </object_component>
      <object_component id="oc-6f">
         <name>FlashRegsFile</name>
         <uninitialized>true</uninitialized>
         <run_address>0xa80</run_address>
         <size>0x8</size>
         <input_file_ref idref="fl-7"/>
      </object_component>
      <object_component id="oc-72">
         <name>CsmRegsFile</name>
         <uninitialized>true</uninitialized>
         <run_address>0xae0</run_address>
         <size>0x10</size>
         <input_file_ref idref="fl-7"/>
      </object_component>
      <object_component id="oc-71">
         <name>AdcMirrorFile</name>
         <uninitialized>true</uninitialized>
         <run_address>0xb00</run_address>
         <size>0x10</size>
         <input_file_ref idref="fl-7"/>
      </object_component>
      <object_component id="oc-7a">
         <name>XintfRegsFile</name>
         <uninitialized>true</uninitialized>
         <run_address>0xb20</run_address>
         <size>0x1e</size>
         <input_file_ref idref="fl-7"/>
      </object_component>
      <object_component id="oc-6b">
         <name>CpuTimer0RegsFile</name>
         <uninitialized>true</uninitialized>
         <run_address>0xc00</run_address>
         <size>0x8</size>
         <input_file_ref idref="fl-7"/>
      </object_component>
      <object_component id="oc-6c">
         <name>CpuTimer1RegsFile</name>
         <uninitialized>true</uninitialized>
         <run_address>0xc08</run_address>
         <size>0x8</size>
         <input_file_ref idref="fl-7"/>
      </object_component>
      <object_component id="oc-6d">
         <name>CpuTimer2RegsFile</name>
         <uninitialized>true</uninitialized>
         <run_address>0xc10</run_address>
         <size>0x8</size>
         <input_file_ref idref="fl-7"/>
      </object_component>
      <object_component id="oc-78">
         <name>PieCtrlRegsFile</name>
         <uninitialized>true</uninitialized>
         <run_address>0xce0</run_address>
         <size>0x1a</size>
         <input_file_ref idref="fl-7"/>
      </object_component>
      <object_component id="oc-98">
         <name>DmaRegsFile</name>
         <uninitialized>true</uninitialized>
         <run_address>0x1000</run_address>
         <size>0xe0</size>
         <input_file_ref idref="fl-7"/>
      </object_component>
      <object_component id="oc-8a">
         <name>McbspaRegsFile</name>
         <uninitialized>true</uninitialized>
         <run_address>0x5000</run_address>
         <size>0x25</size>
         <input_file_ref idref="fl-7"/>
      </object_component>
      <object_component id="oc-8b">
         <name>McbspbRegsFile</name>
         <uninitialized>true</uninitialized>
         <run_address>0x5040</run_address>
         <size>0x25</size>
         <input_file_ref idref="fl-7"/>
      </object_component>
      <object_component id="oc-8d">
         <name>ECanaRegsFile</name>
         <uninitialized>true</uninitialized>
         <run_address>0x6000</run_address>
         <size>0x34</size>
         <input_file_ref idref="fl-7"/>
      </object_component>
      <object_component id="oc-8f">
         <name>ECanaLAMRegsFile</name>
         <uninitialized>true</uninitialized>
         <run_address>0x6040</run_address>
         <size>0x40</size>
         <input_file_ref idref="fl-7"/>
      </object_component>
      <object_component id="oc-99">
         <name>ECanaMboxesFile</name>
         <uninitialized>true</uninitialized>
         <run_address>0x6100</run_address>
         <size>0x100</size>
         <input_file_ref idref="fl-7"/>
      </object_component>
      <object_component id="oc-90">
         <name>ECanaMOTSRegsFile</name>
         <uninitialized>true</uninitialized>
         <run_address>0x6080</run_address>
         <size>0x40</size>
         <input_file_ref idref="fl-7"/>
      </object_component>
      <object_component id="oc-91">
         <name>ECanaMOTORegsFile</name>
         <uninitialized>true</uninitialized>
         <run_address>0x60c0</run_address>
         <size>0x40</size>
         <input_file_ref idref="fl-7"/>
      </object_component>
      <object_component id="oc-8e">
         <name>ECanbRegsFile</name>
         <uninitialized>true</uninitialized>
         <run_address>0x6200</run_address>
         <size>0x34</size>
         <input_file_ref idref="fl-7"/>
      </object_component>
      <object_component id="oc-92">
         <name>ECanbLAMRegsFile</name>
         <uninitialized>true</uninitialized>
         <run_address>0x6240</run_address>
         <size>0x40</size>
         <input_file_ref idref="fl-7"/>
      </object_component>
      <object_component id="oc-9a">
         <name>ECanbMboxesFile</name>
         <uninitialized>true</uninitialized>
         <run_address>0x6300</run_address>
         <size>0x100</size>
         <input_file_ref idref="fl-7"/>
      </object_component>
      <object_component id="oc-93">
         <name>ECanbMOTSRegsFile</name>
         <uninitialized>true</uninitialized>
         <run_address>0x6280</run_address>
         <size>0x40</size>
         <input_file_ref idref="fl-7"/>
      </object_component>
      <object_component id="oc-94">
         <name>ECanbMOTORegsFile</name>
         <uninitialized>true</uninitialized>
         <run_address>0x62c0</run_address>
         <size>0x40</size>
         <input_file_ref idref="fl-7"/>
      </object_component>
      <object_component id="oc-83">
         <name>EPwm1RegsFile</name>
         <uninitialized>true</uninitialized>
         <run_address>0x6800</run_address>
         <size>0x22</size>
         <input_file_ref idref="fl-7"/>
      </object_component>
      <object_component id="oc-84">
         <name>EPwm2RegsFile</name>
         <uninitialized>true</uninitialized>
         <run_address>0x6840</run_address>
         <size>0x22</size>
         <input_file_ref idref="fl-7"/>
      </object_component>
      <object_component id="oc-85">
         <name>EPwm3RegsFile</name>
         <uninitialized>true</uninitialized>
         <run_address>0x6880</run_address>
         <size>0x22</size>
         <input_file_ref idref="fl-7"/>
      </object_component>
      <object_component id="oc-86">
         <name>EPwm4RegsFile</name>
         <uninitialized>true</uninitialized>
         <run_address>0x68c0</run_address>
         <size>0x22</size>
         <input_file_ref idref="fl-7"/>
      </object_component>
      <object_component id="oc-87">
         <name>EPwm5RegsFile</name>
         <uninitialized>true</uninitialized>
         <run_address>0x6900</run_address>
         <size>0x22</size>
         <input_file_ref idref="fl-7"/>
      </object_component>
      <object_component id="oc-88">
         <name>EPwm6RegsFile</name>
         <uninitialized>true</uninitialized>
         <run_address>0x6940</run_address>
         <size>0x22</size>
         <input_file_ref idref="fl-7"/>
      </object_component>
      <object_component id="oc-7b">
         <name>ECap1RegsFile</name>
         <uninitialized>true</uninitialized>
         <run_address>0x6a00</run_address>
         <size>0x20</size>
         <input_file_ref idref="fl-7"/>
      </object_component>
      <object_component id="oc-7c">
         <name>ECap2RegsFile</name>
         <uninitialized>true</uninitialized>
         <run_address>0x6a20</run_address>
         <size>0x20</size>
         <input_file_ref idref="fl-7"/>
      </object_component>
      <object_component id="oc-7d">
         <name>ECap3RegsFile</name>
         <uninitialized>true</uninitialized>
         <run_address>0x6a40</run_address>
         <size>0x20</size>
         <input_file_ref idref="fl-7"/>
      </object_component>
      <object_component id="oc-7e">
         <name>ECap4RegsFile</name>
         <uninitialized>true</uninitialized>
         <run_address>0x6a60</run_address>
         <size>0x20</size>
         <input_file_ref idref="fl-7"/>
      </object_component>
      <object_component id="oc-7f">
         <name>ECap5RegsFile</name>
         <uninitialized>true</uninitialized>
         <run_address>0x6a80</run_address>
         <size>0x20</size>
         <input_file_ref idref="fl-7"/>
      </object_component>
      <object_component id="oc-80">
         <name>ECap6RegsFile</name>
         <uninitialized>true</uninitialized>
         <run_address>0x6aa0</run_address>
         <size>0x20</size>
         <input_file_ref idref="fl-7"/>
      </object_component>
      <object_component id="oc-95">
         <name>EQep1RegsFile</name>
         <uninitialized>true</uninitialized>
         <run_address>0x6b00</run_address>
         <size>0x40</size>
         <input_file_ref idref="fl-7"/>
      </object_component>
      <object_component id="oc-96">
         <name>EQep2RegsFile</name>
         <uninitialized>true</uninitialized>
         <run_address>0x6b40</run_address>
         <size>0x40</size>
         <input_file_ref idref="fl-7"/>
      </object_component>
      <object_component id="oc-8c">
         <name>GpioCtrlRegsFile</name>
         <uninitialized>true</uninitialized>
         <run_address>0x6f80</run_address>
         <size>0x2e</size>
         <input_file_ref idref="fl-7"/>
      </object_component>
      <object_component id="oc-81">
         <name>GpioDataRegsFile</name>
         <uninitialized>true</uninitialized>
         <run_address>0x6fc0</run_address>
         <size>0x20</size>
         <input_file_ref idref="fl-7"/>
      </object_component>
      <object_component id="oc-70">
         <name>GpioIntRegsFile</name>
         <uninitialized>true</uninitialized>
         <run_address>0x6fe0</run_address>
         <size>0xa</size>
         <input_file_ref idref="fl-7"/>
      </object_component>
      <object_component id="oc-82">
         <name>SysCtrlRegsFile</name>
         <uninitialized>true</uninitialized>
         <run_address>0x7010</run_address>
         <size>0x20</size>
         <input_file_ref idref="fl-7"/>
      </object_component>
      <object_component id="oc-76">
         <name>SpiaRegsFile</name>
         <uninitialized>true</uninitialized>
         <run_address>0x7040</run_address>
         <size>0x10</size>
         <input_file_ref idref="fl-7"/>
      </object_component>
      <object_component id="oc-73">
         <name>SciaRegsFile</name>
         <uninitialized>true</uninitialized>
         <run_address>0x7050</run_address>
         <size>0x10</size>
         <input_file_ref idref="fl-7"/>
      </object_component>
      <object_component id="oc-77">
         <name>XIntruptRegsFile</name>
         <uninitialized>true</uninitialized>
         <run_address>0x7070</run_address>
         <size>0x10</size>
         <input_file_ref idref="fl-7"/>
      </object_component>
      <object_component id="oc-79">
         <name>AdcRegsFile</name>
         <uninitialized>true</uninitialized>
         <run_address>0x7100</run_address>
         <size>0x1e</size>
         <input_file_ref idref="fl-7"/>
      </object_component>
      <object_component id="oc-74">
         <name>ScibRegsFile</name>
         <uninitialized>true</uninitialized>
         <run_address>0x7750</run_address>
         <size>0x10</size>
         <input_file_ref idref="fl-7"/>
      </object_component>
      <object_component id="oc-75">
         <name>ScicRegsFile</name>
         <uninitialized>true</uninitialized>
         <run_address>0x7770</run_address>
         <size>0x10</size>
         <input_file_ref idref="fl-7"/>
      </object_component>
      <object_component id="oc-89">
         <name>I2caRegsFile</name>
         <uninitialized>true</uninitialized>
         <run_address>0x7900</run_address>
         <size>0x22</size>
         <input_file_ref idref="fl-7"/>
      </object_component>
      <object_component id="oc-6e">
         <name>CsmPwlFile</name>
         <uninitialized>true</uninitialized>
         <run_address>0x33fff8</run_address>
         <size>0x8</size>
         <input_file_ref idref="fl-7"/>
      </object_component>
      <object_component id="oc-6a">
         <name>PartIdRegsFile</name>
         <uninitialized>true</uninitialized>
         <run_address>0x380090</run_address>
         <size>0x1</size>
         <input_file_ref idref="fl-7"/>
      </object_component>
      <object_component id="oc-4e">
         <name>.debug_line</name>
         <load_address>0x0</load_address>
         <run_address>0x0</run_address>
         <size>0x8b</size>
         <input_file_ref idref="fl-2"/>
      </object_component>
      <object_component id="oc-54">
         <name>.debug_line</name>
         <load_address>0x8b</load_address>
         <run_address>0x8b</run_address>
         <size>0xa9</size>
         <input_file_ref idref="fl-3"/>
      </object_component>
      <object_component id="oc-5b">
         <name>.debug_line</name>
         <load_address>0x134</load_address>
         <run_address>0x134</run_address>
         <size>0x7a</size>
         <input_file_ref idref="fl-4"/>
      </object_component>
      <object_component id="oc-61">
         <name>.debug_line</name>
         <load_address>0x1ae</load_address>
         <run_address>0x1ae</run_address>
         <size>0x794</size>
         <input_file_ref idref="fl-5"/>
      </object_component>
      <object_component id="oc-66">
         <name>.debug_line</name>
         <load_address>0x942</load_address>
         <run_address>0x942</run_address>
         <size>0x1b2</size>
         <input_file_ref idref="fl-6"/>
      </object_component>
      <object_component id="oc-9f">
         <name>.debug_line</name>
         <load_address>0xaf4</load_address>
         <run_address>0xaf4</run_address>
         <size>0x9e</size>
         <input_file_ref idref="fl-8"/>
      </object_component>
      <object_component id="oc-a4">
         <name>.debug_line</name>
         <load_address>0xb92</load_address>
         <run_address>0xb92</run_address>
         <size>0x9a</size>
         <input_file_ref idref="fl-9"/>
      </object_component>
      <object_component id="oc-a9">
         <name>.debug_line</name>
         <load_address>0xc2c</load_address>
         <run_address>0xc2c</run_address>
         <size>0xc8</size>
         <input_file_ref idref="fl-a"/>
      </object_component>
      <object_component id="oc-ae">
         <name>.debug_line</name>
         <load_address>0xcf4</load_address>
         <run_address>0xcf4</run_address>
         <size>0xaa</size>
         <input_file_ref idref="fl-b"/>
      </object_component>
      <object_component id="oc-b3">
         <name>.debug_line</name>
         <load_address>0xd9e</load_address>
         <run_address>0xd9e</run_address>
         <size>0xff</size>
         <input_file_ref idref="fl-c"/>
      </object_component>
      <object_component id="oc-b8">
         <name>.debug_line</name>
         <load_address>0xe9d</load_address>
         <run_address>0xe9d</run_address>
         <size>0x184</size>
         <input_file_ref idref="fl-d"/>
      </object_component>
      <object_component id="oc-bc">
         <name>.debug_line</name>
         <load_address>0x1021</load_address>
         <run_address>0x1021</run_address>
         <size>0x8d</size>
         <input_file_ref idref="fl-e"/>
      </object_component>
      <object_component id="oc-c3">
         <name>.debug_line</name>
         <load_address>0x10ae</load_address>
         <run_address>0x10ae</run_address>
         <size>0x9a</size>
         <input_file_ref idref="fl-f"/>
      </object_component>
      <object_component id="oc-cc">
         <name>.debug_line</name>
         <load_address>0x1148</load_address>
         <run_address>0x1148</run_address>
         <size>0x1e3</size>
         <input_file_ref idref="fl-10"/>
      </object_component>
      <object_component id="oc-d1">
         <name>.debug_line</name>
         <load_address>0x132b</load_address>
         <run_address>0x132b</run_address>
         <size>0x12d</size>
         <input_file_ref idref="fl-11"/>
      </object_component>
      <object_component id="oc-d9">
         <name>.debug_line</name>
         <load_address>0x1458</load_address>
         <run_address>0x1458</run_address>
         <size>0x26d</size>
         <input_file_ref idref="fl-12"/>
      </object_component>
      <object_component id="oc-de">
         <name>.debug_line</name>
         <load_address>0x16c5</load_address>
         <run_address>0x16c5</run_address>
         <size>0x7f</size>
         <input_file_ref idref="fl-24"/>
      </object_component>
      <object_component id="oc-e4">
         <name>.debug_line</name>
         <load_address>0x1744</load_address>
         <run_address>0x1744</run_address>
         <size>0x7e</size>
         <input_file_ref idref="fl-25"/>
      </object_component>
      <object_component id="oc-e9">
         <name>.debug_line</name>
         <load_address>0x17c2</load_address>
         <run_address>0x17c2</run_address>
         <size>0x50</size>
         <input_file_ref idref="fl-26"/>
      </object_component>
      <object_component id="oc-ee">
         <name>.debug_line</name>
         <load_address>0x1812</load_address>
         <run_address>0x1812</run_address>
         <size>0x62</size>
         <input_file_ref idref="fl-27"/>
      </object_component>
      <object_component id="oc-f3">
         <name>.debug_line</name>
         <load_address>0x1874</load_address>
         <run_address>0x1874</run_address>
         <size>0x3e</size>
         <input_file_ref idref="fl-28"/>
      </object_component>
      <object_component id="oc-f8">
         <name>.debug_line</name>
         <load_address>0x18b2</load_address>
         <run_address>0x18b2</run_address>
         <size>0x3a</size>
         <input_file_ref idref="fl-29"/>
      </object_component>
      <object_component id="oc-ff">
         <name>.debug_line</name>
         <load_address>0x18ec</load_address>
         <run_address>0x18ec</run_address>
         <size>0x65</size>
         <input_file_ref idref="fl-2a"/>
      </object_component>
      <object_component id="oc-104">
         <name>.debug_line</name>
         <load_address>0x1951</load_address>
         <run_address>0x1951</run_address>
         <size>0x5e</size>
         <input_file_ref idref="fl-2b"/>
      </object_component>
      <object_component id="oc-109">
         <name>.debug_line</name>
         <load_address>0x19af</load_address>
         <run_address>0x19af</run_address>
         <size>0x4f</size>
         <input_file_ref idref="fl-2c"/>
      </object_component>
      <object_component id="oc-110">
         <name>.debug_line</name>
         <load_address>0x19fe</load_address>
         <run_address>0x19fe</run_address>
         <size>0xd1d</size>
         <input_file_ref idref="fl-2d"/>
      </object_component>
      <object_component id="oc-115">
         <name>.debug_line</name>
         <load_address>0x271b</load_address>
         <run_address>0x271b</run_address>
         <size>0x60</size>
         <input_file_ref idref="fl-2e"/>
      </object_component>
      <object_component id="oc-11a">
         <name>.debug_line</name>
         <load_address>0x277b</load_address>
         <run_address>0x277b</run_address>
         <size>0xa2</size>
         <input_file_ref idref="fl-2f"/>
      </object_component>
      <object_component id="oc-11f">
         <name>.debug_line</name>
         <load_address>0x281d</load_address>
         <run_address>0x281d</run_address>
         <size>0x45</size>
         <input_file_ref idref="fl-30"/>
      </object_component>
      <object_component id="oc-124">
         <name>.debug_line</name>
         <load_address>0x2862</load_address>
         <run_address>0x2862</run_address>
         <size>0x49</size>
         <input_file_ref idref="fl-31"/>
      </object_component>
      <object_component id="oc-129">
         <name>.debug_line</name>
         <load_address>0x28ab</load_address>
         <run_address>0x28ab</run_address>
         <size>0x59</size>
         <input_file_ref idref="fl-32"/>
      </object_component>
      <object_component id="oc-12e">
         <name>.debug_line</name>
         <load_address>0x2904</load_address>
         <run_address>0x2904</run_address>
         <size>0x58</size>
         <input_file_ref idref="fl-33"/>
      </object_component>
      <object_component id="oc-133">
         <name>.debug_line</name>
         <load_address>0x295c</load_address>
         <run_address>0x295c</run_address>
         <size>0x6c</size>
         <input_file_ref idref="fl-34"/>
      </object_component>
      <object_component id="oc-138">
         <name>.debug_line</name>
         <load_address>0x29c8</load_address>
         <run_address>0x29c8</run_address>
         <size>0x63</size>
         <input_file_ref idref="fl-35"/>
      </object_component>
      <object_component id="oc-13d">
         <name>.debug_line</name>
         <load_address>0x2a2b</load_address>
         <run_address>0x2a2b</run_address>
         <size>0x16b</size>
         <input_file_ref idref="fl-36"/>
      </object_component>
      <object_component id="oc-142">
         <name>.debug_line</name>
         <load_address>0x2b96</load_address>
         <run_address>0x2b96</run_address>
         <size>0x57</size>
         <input_file_ref idref="fl-37"/>
      </object_component>
      <object_component id="oc-147">
         <name>.debug_line</name>
         <load_address>0x2bed</load_address>
         <run_address>0x2bed</run_address>
         <size>0x56</size>
         <input_file_ref idref="fl-38"/>
      </object_component>
      <object_component id="oc-14c">
         <name>.debug_line</name>
         <load_address>0x2c43</load_address>
         <run_address>0x2c43</run_address>
         <size>0x58</size>
         <input_file_ref idref="fl-39"/>
      </object_component>
      <object_component id="oc-151">
         <name>.debug_line</name>
         <load_address>0x2c9b</load_address>
         <run_address>0x2c9b</run_address>
         <size>0xb3</size>
         <input_file_ref idref="fl-3a"/>
      </object_component>
      <object_component id="oc-156">
         <name>.debug_line</name>
         <load_address>0x2d4e</load_address>
         <run_address>0x2d4e</run_address>
         <size>0x62</size>
         <input_file_ref idref="fl-3b"/>
      </object_component>
      <object_component id="oc-15b">
         <name>.debug_line</name>
         <load_address>0x2db0</load_address>
         <run_address>0x2db0</run_address>
         <size>0x69</size>
         <input_file_ref idref="fl-3c"/>
      </object_component>
      <object_component id="oc-162">
         <name>.debug_line</name>
         <load_address>0x2e19</load_address>
         <run_address>0x2e19</run_address>
         <size>0x54</size>
         <input_file_ref idref="fl-3e"/>
      </object_component>
      <object_component id="oc-167">
         <name>.debug_line</name>
         <load_address>0x2e6d</load_address>
         <run_address>0x2e6d</run_address>
         <size>0xae</size>
         <input_file_ref idref="fl-3f"/>
      </object_component>
      <object_component id="oc-16c">
         <name>.debug_line</name>
         <load_address>0x2f1b</load_address>
         <run_address>0x2f1b</run_address>
         <size>0xaf</size>
         <input_file_ref idref="fl-40"/>
      </object_component>
      <object_component id="oc-171">
         <name>.debug_line</name>
         <load_address>0x2fca</load_address>
         <run_address>0x2fca</run_address>
         <size>0xa8</size>
         <input_file_ref idref="fl-41"/>
      </object_component>
      <object_component id="oc-176">
         <name>.debug_line</name>
         <load_address>0x3072</load_address>
         <run_address>0x3072</run_address>
         <size>0xa8</size>
         <input_file_ref idref="fl-42"/>
      </object_component>
      <object_component id="oc-17c">
         <name>.debug_line</name>
         <load_address>0x311a</load_address>
         <run_address>0x311a</run_address>
         <size>0x58</size>
         <input_file_ref idref="fl-43"/>
      </object_component>
      <object_component id="oc-182">
         <name>.debug_line</name>
         <load_address>0x3172</load_address>
         <run_address>0x3172</run_address>
         <size>0x72</size>
         <input_file_ref idref="fl-44"/>
      </object_component>
      <object_component id="oc-187">
         <name>.debug_line</name>
         <load_address>0x31e4</load_address>
         <run_address>0x31e4</run_address>
         <size>0x43</size>
         <input_file_ref idref="fl-45"/>
      </object_component>
      <object_component id="oc-18c">
         <name>.debug_line</name>
         <load_address>0x3227</load_address>
         <run_address>0x3227</run_address>
         <size>0xc4</size>
         <input_file_ref idref="fl-46"/>
      </object_component>
      <object_component id="oc-191">
         <name>.debug_line</name>
         <load_address>0x32eb</load_address>
         <run_address>0x32eb</run_address>
         <size>0x8e</size>
         <input_file_ref idref="fl-47"/>
      </object_component>
      <object_component id="oc-19a">
         <name>.debug_line</name>
         <load_address>0x3379</load_address>
         <run_address>0x3379</run_address>
         <size>0x42</size>
         <input_file_ref idref="fl-49"/>
      </object_component>
      <object_component id="oc-4f">
         <name>.debug_info</name>
         <load_address>0x0</load_address>
         <run_address>0x0</run_address>
         <size>0x17e</size>
         <input_file_ref idref="fl-2"/>
      </object_component>
      <object_component id="oc-55">
         <name>.debug_info</name>
         <load_address>0x17e</load_address>
         <run_address>0x17e</run_address>
         <size>0x1f9</size>
         <input_file_ref idref="fl-3"/>
      </object_component>
      <object_component id="oc-58">
         <name>.debug_info</name>
         <load_address>0x377</load_address>
         <run_address>0x377</run_address>
         <size>0x854</size>
         <input_file_ref idref="fl-4"/>
      </object_component>
      <object_component id="oc-5e">
         <name>.debug_info</name>
         <load_address>0xbcb</load_address>
         <run_address>0xbcb</run_address>
         <size>0x48ef</size>
         <input_file_ref idref="fl-5"/>
      </object_component>
      <object_component id="oc-64">
         <name>.debug_info</name>
         <load_address>0x54ba</load_address>
         <run_address>0x54ba</run_address>
         <size>0x6369</size>
         <input_file_ref idref="fl-6"/>
      </object_component>
      <object_component id="oc-69">
         <name>.debug_info</name>
         <load_address>0xb823</load_address>
         <run_address>0xb823</run_address>
         <size>0x13470</size>
         <input_file_ref idref="fl-7"/>
      </object_component>
      <object_component id="oc-9d">
         <name>.debug_info</name>
         <load_address>0x1ec93</load_address>
         <run_address>0x1ec93</run_address>
         <size>0x1c8f</size>
         <input_file_ref idref="fl-8"/>
      </object_component>
      <object_component id="oc-a2">
         <name>.debug_info</name>
         <load_address>0x20922</load_address>
         <run_address>0x20922</run_address>
         <size>0x4ff</size>
         <input_file_ref idref="fl-9"/>
      </object_component>
      <object_component id="oc-a7">
         <name>.debug_info</name>
         <load_address>0x20e21</load_address>
         <run_address>0x20e21</run_address>
         <size>0xc64</size>
         <input_file_ref idref="fl-a"/>
      </object_component>
      <object_component id="oc-ac">
         <name>.debug_info</name>
         <load_address>0x21a85</load_address>
         <run_address>0x21a85</run_address>
         <size>0x236d</size>
         <input_file_ref idref="fl-b"/>
      </object_component>
      <object_component id="oc-b1">
         <name>.debug_info</name>
         <load_address>0x23df2</load_address>
         <run_address>0x23df2</run_address>
         <size>0x2038</size>
         <input_file_ref idref="fl-c"/>
      </object_component>
      <object_component id="oc-b6">
         <name>.debug_info</name>
         <load_address>0x25e2a</load_address>
         <run_address>0x25e2a</run_address>
         <size>0x238f</size>
         <input_file_ref idref="fl-d"/>
      </object_component>
      <object_component id="oc-bd">
         <name>.debug_info</name>
         <load_address>0x281b9</load_address>
         <run_address>0x281b9</run_address>
         <size>0x180</size>
         <input_file_ref idref="fl-e"/>
      </object_component>
      <object_component id="oc-c0">
         <name>.debug_info</name>
         <load_address>0x28339</load_address>
         <run_address>0x28339</run_address>
         <size>0xaec</size>
         <input_file_ref idref="fl-f"/>
      </object_component>
      <object_component id="oc-c6">
         <name>.debug_info</name>
         <load_address>0x28e25</load_address>
         <run_address>0x28e25</run_address>
         <size>0x6109</size>
         <input_file_ref idref="fl-10"/>
      </object_component>
      <object_component id="oc-cf">
         <name>.debug_info</name>
         <load_address>0x2ef2e</load_address>
         <run_address>0x2ef2e</run_address>
         <size>0x1f34</size>
         <input_file_ref idref="fl-11"/>
      </object_component>
      <object_component id="oc-d4">
         <name>.debug_info</name>
         <load_address>0x30e62</load_address>
         <run_address>0x30e62</run_address>
         <size>0x2d17</size>
         <input_file_ref idref="fl-12"/>
      </object_component>
      <object_component id="oc-dc">
         <name>.debug_info</name>
         <load_address>0x33b79</load_address>
         <run_address>0x33b79</run_address>
         <size>0x67e</size>
         <input_file_ref idref="fl-24"/>
      </object_component>
      <object_component id="oc-e3">
         <name>.debug_info</name>
         <load_address>0x341f7</load_address>
         <run_address>0x341f7</run_address>
         <size>0x173</size>
         <input_file_ref idref="fl-25"/>
      </object_component>
      <object_component id="oc-e7">
         <name>.debug_info</name>
         <load_address>0x3436a</load_address>
         <run_address>0x3436a</run_address>
         <size>0x561</size>
         <input_file_ref idref="fl-26"/>
      </object_component>
      <object_component id="oc-ec">
         <name>.debug_info</name>
         <load_address>0x348cb</load_address>
         <run_address>0x348cb</run_address>
         <size>0x43a</size>
         <input_file_ref idref="fl-27"/>
      </object_component>
      <object_component id="oc-f1">
         <name>.debug_info</name>
         <load_address>0x34d05</load_address>
         <run_address>0x34d05</run_address>
         <size>0x3ad</size>
         <input_file_ref idref="fl-28"/>
      </object_component>
      <object_component id="oc-f6">
         <name>.debug_info</name>
         <load_address>0x350b2</load_address>
         <run_address>0x350b2</run_address>
         <size>0x3aa</size>
         <input_file_ref idref="fl-29"/>
      </object_component>
      <object_component id="oc-fb">
         <name>.debug_info</name>
         <load_address>0x3545c</load_address>
         <run_address>0x3545c</run_address>
         <size>0x544</size>
         <input_file_ref idref="fl-2a"/>
      </object_component>
      <object_component id="oc-102">
         <name>.debug_info</name>
         <load_address>0x359a0</load_address>
         <run_address>0x359a0</run_address>
         <size>0x4cc</size>
         <input_file_ref idref="fl-2b"/>
      </object_component>
      <object_component id="oc-107">
         <name>.debug_info</name>
         <load_address>0x35e6c</load_address>
         <run_address>0x35e6c</run_address>
         <size>0x467</size>
         <input_file_ref idref="fl-2c"/>
      </object_component>
      <object_component id="oc-10c">
         <name>.debug_info</name>
         <load_address>0x362d3</load_address>
         <run_address>0x362d3</run_address>
         <size>0x2a4f</size>
         <input_file_ref idref="fl-2d"/>
      </object_component>
      <object_component id="oc-114">
         <name>.debug_info</name>
         <load_address>0x38d22</load_address>
         <run_address>0x38d22</run_address>
         <size>0x120</size>
         <input_file_ref idref="fl-2e"/>
      </object_component>
      <object_component id="oc-119">
         <name>.debug_info</name>
         <load_address>0x38e42</load_address>
         <run_address>0x38e42</run_address>
         <size>0x114</size>
         <input_file_ref idref="fl-2f"/>
      </object_component>
      <object_component id="oc-11e">
         <name>.debug_info</name>
         <load_address>0x38f56</load_address>
         <run_address>0x38f56</run_address>
         <size>0x114</size>
         <input_file_ref idref="fl-30"/>
      </object_component>
      <object_component id="oc-123">
         <name>.debug_info</name>
         <load_address>0x3906a</load_address>
         <run_address>0x3906a</run_address>
         <size>0x122</size>
         <input_file_ref idref="fl-31"/>
      </object_component>
      <object_component id="oc-128">
         <name>.debug_info</name>
         <load_address>0x3918c</load_address>
         <run_address>0x3918c</run_address>
         <size>0x114</size>
         <input_file_ref idref="fl-32"/>
      </object_component>
      <object_component id="oc-12d">
         <name>.debug_info</name>
         <load_address>0x392a0</load_address>
         <run_address>0x392a0</run_address>
         <size>0x114</size>
         <input_file_ref idref="fl-33"/>
      </object_component>
      <object_component id="oc-132">
         <name>.debug_info</name>
         <load_address>0x393b4</load_address>
         <run_address>0x393b4</run_address>
         <size>0x176</size>
         <input_file_ref idref="fl-34"/>
      </object_component>
      <object_component id="oc-137">
         <name>.debug_info</name>
         <load_address>0x3952a</load_address>
         <run_address>0x3952a</run_address>
         <size>0x14e</size>
         <input_file_ref idref="fl-35"/>
      </object_component>
      <object_component id="oc-13c">
         <name>.debug_info</name>
         <load_address>0x39678</load_address>
         <run_address>0x39678</run_address>
         <size>0x231</size>
         <input_file_ref idref="fl-36"/>
      </object_component>
      <object_component id="oc-141">
         <name>.debug_info</name>
         <load_address>0x398a9</load_address>
         <run_address>0x398a9</run_address>
         <size>0x118</size>
         <input_file_ref idref="fl-37"/>
      </object_component>
      <object_component id="oc-146">
         <name>.debug_info</name>
         <load_address>0x399c1</load_address>
         <run_address>0x399c1</run_address>
         <size>0x118</size>
         <input_file_ref idref="fl-38"/>
      </object_component>
      <object_component id="oc-14b">
         <name>.debug_info</name>
         <load_address>0x39ad9</load_address>
         <run_address>0x39ad9</run_address>
         <size>0x11a</size>
         <input_file_ref idref="fl-39"/>
      </object_component>
      <object_component id="oc-150">
         <name>.debug_info</name>
         <load_address>0x39bf3</load_address>
         <run_address>0x39bf3</run_address>
         <size>0x114</size>
         <input_file_ref idref="fl-3a"/>
      </object_component>
      <object_component id="oc-154">
         <name>.debug_info</name>
         <load_address>0x39d07</load_address>
         <run_address>0x39d07</run_address>
         <size>0x46c</size>
         <input_file_ref idref="fl-3b"/>
      </object_component>
      <object_component id="oc-159">
         <name>.debug_info</name>
         <load_address>0x3a173</load_address>
         <run_address>0x3a173</run_address>
         <size>0x41f</size>
         <input_file_ref idref="fl-3c"/>
      </object_component>
      <object_component id="oc-15e">
         <name>.debug_info</name>
         <load_address>0x3a592</load_address>
         <run_address>0x3a592</run_address>
         <size>0x1e7</size>
         <input_file_ref idref="fl-3d"/>
      </object_component>
      <object_component id="oc-160">
         <name>.debug_info</name>
         <load_address>0x3a779</load_address>
         <run_address>0x3a779</run_address>
         <size>0x45e</size>
         <input_file_ref idref="fl-3e"/>
      </object_component>
      <object_component id="oc-165">
         <name>.debug_info</name>
         <load_address>0x3abd7</load_address>
         <run_address>0x3abd7</run_address>
         <size>0x502</size>
         <input_file_ref idref="fl-3f"/>
      </object_component>
      <object_component id="oc-16a">
         <name>.debug_info</name>
         <load_address>0x3b0d9</load_address>
         <run_address>0x3b0d9</run_address>
         <size>0x4f1</size>
         <input_file_ref idref="fl-40"/>
      </object_component>
      <object_component id="oc-16f">
         <name>.debug_info</name>
         <load_address>0x3b5ca</load_address>
         <run_address>0x3b5ca</run_address>
         <size>0x4e5</size>
         <input_file_ref idref="fl-41"/>
      </object_component>
      <object_component id="oc-174">
         <name>.debug_info</name>
         <load_address>0x3baaf</load_address>
         <run_address>0x3baaf</run_address>
         <size>0x4aa</size>
         <input_file_ref idref="fl-42"/>
      </object_component>
      <object_component id="oc-179">
         <name>.debug_info</name>
         <load_address>0x3bf59</load_address>
         <run_address>0x3bf59</run_address>
         <size>0x4a6</size>
         <input_file_ref idref="fl-43"/>
      </object_component>
      <object_component id="oc-17f">
         <name>.debug_info</name>
         <load_address>0x3c3ff</load_address>
         <run_address>0x3c3ff</run_address>
         <size>0x532</size>
         <input_file_ref idref="fl-44"/>
      </object_component>
      <object_component id="oc-185">
         <name>.debug_info</name>
         <load_address>0x3c931</load_address>
         <run_address>0x3c931</run_address>
         <size>0x40c</size>
         <input_file_ref idref="fl-45"/>
      </object_component>
      <object_component id="oc-18b">
         <name>.debug_info</name>
         <load_address>0x3cd3d</load_address>
         <run_address>0x3cd3d</run_address>
         <size>0x114</size>
         <input_file_ref idref="fl-46"/>
      </object_component>
      <object_component id="oc-190">
         <name>.debug_info</name>
         <load_address>0x3ce51</load_address>
         <run_address>0x3ce51</run_address>
         <size>0x1a5</size>
         <input_file_ref idref="fl-47"/>
      </object_component>
      <object_component id="oc-194">
         <name>.debug_info</name>
         <load_address>0x3cff6</load_address>
         <run_address>0x3cff6</run_address>
         <size>0x1c6</size>
         <input_file_ref idref="fl-48"/>
      </object_component>
      <object_component id="oc-198">
         <name>.debug_info</name>
         <load_address>0x3d1bc</load_address>
         <run_address>0x3d1bc</run_address>
         <size>0x423</size>
         <input_file_ref idref="fl-49"/>
      </object_component>
      <object_component id="oc-21f">
         <name>.debug_info</name>
         <load_address>0x3d5df</load_address>
         <run_address>0x3d5df</run_address>
         <size>0xb3</size>
      </object_component>
      <object_component id="oc-50">
         <name>.debug_abbrev</name>
         <load_address>0x0</load_address>
         <run_address>0x0</run_address>
         <size>0x2f</size>
         <input_file_ref idref="fl-2"/>
      </object_component>
      <object_component id="oc-56">
         <name>.debug_abbrev</name>
         <load_address>0x2f</load_address>
         <run_address>0x2f</run_address>
         <size>0x21</size>
         <input_file_ref idref="fl-3"/>
      </object_component>
      <object_component id="oc-5c">
         <name>.debug_abbrev</name>
         <load_address>0x50</load_address>
         <run_address>0x50</run_address>
         <size>0xfd</size>
         <input_file_ref idref="fl-4"/>
      </object_component>
      <object_component id="oc-62">
         <name>.debug_abbrev</name>
         <load_address>0x14d</load_address>
         <run_address>0x14d</run_address>
         <size>0xa8</size>
         <input_file_ref idref="fl-5"/>
      </object_component>
      <object_component id="oc-67">
         <name>.debug_abbrev</name>
         <load_address>0x1f5</load_address>
         <run_address>0x1f5</run_address>
         <size>0x151</size>
         <input_file_ref idref="fl-6"/>
      </object_component>
      <object_component id="oc-9c">
         <name>.debug_abbrev</name>
         <load_address>0x346</load_address>
         <run_address>0x346</run_address>
         <size>0xb7</size>
         <input_file_ref idref="fl-7"/>
      </object_component>
      <object_component id="oc-a0">
         <name>.debug_abbrev</name>
         <load_address>0x3fd</load_address>
         <run_address>0x3fd</run_address>
         <size>0xdc</size>
         <input_file_ref idref="fl-8"/>
      </object_component>
      <object_component id="oc-a5">
         <name>.debug_abbrev</name>
         <load_address>0x4d9</load_address>
         <run_address>0x4d9</run_address>
         <size>0x93</size>
         <input_file_ref idref="fl-9"/>
      </object_component>
      <object_component id="oc-aa">
         <name>.debug_abbrev</name>
         <load_address>0x56c</load_address>
         <run_address>0x56c</run_address>
         <size>0xc8</size>
         <input_file_ref idref="fl-a"/>
      </object_component>
      <object_component id="oc-af">
         <name>.debug_abbrev</name>
         <load_address>0x634</load_address>
         <run_address>0x634</run_address>
         <size>0x116</size>
         <input_file_ref idref="fl-b"/>
      </object_component>
      <object_component id="oc-b4">
         <name>.debug_abbrev</name>
         <load_address>0x74a</load_address>
         <run_address>0x74a</run_address>
         <size>0xea</size>
         <input_file_ref idref="fl-c"/>
      </object_component>
      <object_component id="oc-b9">
         <name>.debug_abbrev</name>
         <load_address>0x834</load_address>
         <run_address>0x834</run_address>
         <size>0x1a2</size>
         <input_file_ref idref="fl-d"/>
      </object_component>
      <object_component id="oc-be">
         <name>.debug_abbrev</name>
         <load_address>0x9d6</load_address>
         <run_address>0x9d6</run_address>
         <size>0x2f</size>
         <input_file_ref idref="fl-e"/>
      </object_component>
      <object_component id="oc-c4">
         <name>.debug_abbrev</name>
         <load_address>0xa05</load_address>
         <run_address>0xa05</run_address>
[...]
      <symbol id="sm-274">
         <name>_ECanbMboxes</name>
         <value>0x6300</value>
         <object_component_ref idref="oc-9a"/>
      </symbol>
      <symbol id="sm-275">
         <name>_XintfRegs</name>
         <value>0xb20</value>
         <object_component_ref idref="oc-7a"/>
      </symbol>
      <symbol id="sm-276">
         <name>_ScicRegs</name>
         <value>0x7770</value>
         <object_component_ref idref="oc-75"/>
      </symbol>
      <symbol id="sm-277">
         <name>_ECap1Regs</name>
         <value>0x6a00</value>
         <object_component_ref idref="oc-7b"/>
      </symbol>
      <symbol id="sm-278">
         <name>_EQep1Regs</name>
         <value>0x6b00</value>
         <object_component_ref idref="oc-95"/>
      </symbol>
      <symbol id="sm-279">
         <name>_McbspaRegs</name>
         <value>0x5000</value>
         <object_component_ref idref="oc-8a"/>
      </symbol>
      <symbol id="sm-27a">
         <name>_EPwm1Regs</name>
         <value>0x6800</value>
         <object_component_ref idref="oc-83"/>
      </symbol>
      <symbol id="sm-27b">
         <name>_ECanbRegs</name>
         <value>0x6200</value>
         <object_component_ref idref="oc-8e"/>
      </symbol>
      <symbol id="sm-27c">
         <name>_ScibRegs</name>
         <value>0x7750</value>
         <object_component_ref idref="oc-74"/>
      </symbol>
      <symbol id="sm-27d">
         <name>_ECap2Regs</name>
         <value>0x6a20</value>
         <object_component_ref idref="oc-7c"/>
      </symbol>
      <symbol id="sm-27e">
         <name>_GpioIntRegs</name>
         <value>0x6fe0</value>
         <object_component_ref idref="oc-70"/>
      </symbol>
      <symbol id="sm-27f">
         <name>_EQep2Regs</name>
         <value>0x6b40</value>
         <object_component_ref idref="oc-96"/>
      </symbol>
      <symbol id="sm-280">
         <name>_PartIdRegs</name>
         <value>0x380090</value>
         <object_component_ref idref="oc-6a"/>
      </symbol>
      <symbol id="sm-281">
         <name>_EPwm2Regs</name>
         <value>0x6840</value>
         <object_component_ref idref="oc-84"/>
      </symbol>
      <symbol id="sm-282">
         <name>_ECanaMboxes</name>
         <value>0x6100</value>
         <object_component_ref idref="oc-99"/>
      </symbol>
      <symbol id="sm-283">
         <name>_ECap3Regs</name>
         <value>0x6a40</value>
         <object_component_ref idref="oc-7d"/>
      </symbol>
      <symbol id="sm-284">
         <name>_ECanaMOTORegs</name>
         <value>0x60c0</value>
         <object_component_ref idref="oc-91"/>
      </symbol>
      <symbol id="sm-285">
         <name>_EPwm3Regs</name>
         <value>0x6880</value>
         <object_component_ref idref="oc-85"/>
      </symbol>
      <symbol id="sm-286">
         <name>_ECanbLAMRegs</name>
         <value>0x6240</value>
         <object_component_ref idref="oc-92"/>
      </symbol>
      <symbol id="sm-287">
         <name>_I2caRegs</name>
         <value>0x7900</value>
         <object_component_ref idref="oc-89"/>
      </symbol>
      <symbol id="sm-293">
         <name>_InitGpio</name>
         <value>0x339de5</value>
         <object_component_ref idref="oc-1ab"/>
      </symbol>
      <symbol id="sm-2a2">
         <name>_MemCopy</name>
         <value>0x339dfc</value>
         <object_component_ref idref="oc-1b0"/>
      </symbol>
      <symbol id="sm-2af">
         <name>_InitPieCtrl</name>
         <value>0x339c6d</value>
         <object_component_ref idref="oc-1ae"/>
      </symbol>
      <symbol id="sm-2b1">
         <name>_EnableInterrupts</name>
         <value>0x339c8c</value>
         <object_component_ref idref="oc-1ae"/>
      </symbol>
      <symbol id="sm-2c2">
         <name>_PieVectTableInit</name>
         <value>0x339f88</value>
         <object_component_ref idref="oc-1b6"/>
      </symbol>
      <symbol id="sm-2c3">
         <name>_InitPieVectTable</name>
         <value>0x339cfe</value>
         <object_component_ref idref="oc-1af"/>
      </symbol>
      <symbol id="sm-2d0">
         <name>_InitScicGpio</name>
         <value>0x339b19</value>
         <object_component_ref idref="oc-1ac"/>
      </symbol>
      <symbol id="sm-2d2">
         <name>_InitScibGpio</name>
         <value>0x339b05</value>
         <object_component_ref idref="oc-1ac"/>
      </symbol>
      <symbol id="sm-2d4">
         <name>_InitSciaGpio</name>
         <value>0x339aef</value>
         <object_component_ref idref="oc-1ac"/>
      </symbol>
      <symbol id="sm-2d6">
         <name>_InitSciGpio</name>
         <value>0x339ae8</value>
         <object_component_ref idref="oc-1ac"/>
      </symbol>
      <symbol id="sm-2d8">
         <name>_InitSci</name>
         <value>0x339ae7</value>
         <object_component_ref idref="oc-1ac"/>
      </symbol>
      <symbol id="sm-2ee">
         <name>_InitPll</name>
         <value>0x3395d7</value>
         <object_component_ref idref="oc-1aa"/>
      </symbol>
      <symbol id="sm-2f0">
         <name>_DisableDog</name>
         <value>0x3395cf</value>
         <object_component_ref idref="oc-1aa"/>
      </symbol>
      <symbol id="sm-2f2">
         <name>_InitPeripheralClocks</name>
         <value>0x339627</value>
         <object_component_ref idref="oc-1aa"/>
      </symbol>
      <symbol id="sm-2f4">
         <name>_CsmUnlock</name>
         <value>0x339682</value>
         <object_component_ref idref="oc-1aa"/>
      </symbol>
      <symbol id="sm-2f6">
         <name>_ServiceDog</name>
         <value>0x3395c5</value>
         <object_component_ref idref="oc-1aa"/>
      </symbol>
      <symbol id="sm-2f8">
         <name>_InitSysCtrl</name>
         <value>0x3395bc</value>
         <object_component_ref idref="oc-1aa"/>
      </symbol>
      <symbol id="sm-305">
         <name>_DSP28x_usDelay</name>
         <value>0x8000</value>
         <object_component_ref idref="oc-bb"/>
      </symbol>
      <symbol id="sm-31f">
         <name>_main</name>
         <value>0x3396b3</value>
         <object_component_ref idref="oc-1a6"/>
      </symbol>
      <symbol id="sm-35e">
         <name>_ECAN_SetConfig</name>
         <value>0x338fdb</value>
         <object_component_ref idref="oc-1b3"/>
      </symbol>
      <symbol id="sm-360">
         <name>_ECAN_Read</name>
         <value>0x3390fa</value>
         <object_component_ref idref="oc-1b3"/>
      </symbol>
      <symbol id="sm-362">
         <name>_CanLpb</name>
         <value>0x339033</value>
         <object_component_ref idref="oc-1b3"/>
      </symbol>
      <symbol id="sm-364">
         <name>_isrFlag</name>
         <value>0xc101</value>
         <object_component_ref idref="oc-c8"/>
      </symbol>
      <symbol id="sm-365">
         <name>_ECAN_SetSelfTestMode</name>
         <value>0x339085</value>
         <object_component_ref idref="oc-1b3"/>
      </symbol>
      <symbol id="sm-367">
         <name>_gCanErrorCount</name>
         <value>0xc100</value>
         <object_component_ref idref="oc-c8"/>
      </symbol>
      <symbol id="sm-368">
         <name>_ECAN_GetIsr</name>
         <value>0x339081</value>
         <object_component_ref idref="oc-1b3"/>
      </symbol>
      <symbol id="sm-36a">
         <name>_ECAN_Write</name>
         <value>0x33909e</value>
         <object_component_ref idref="oc-1b3"/>
      </symbol>
      <symbol id="sm-38c">
         <name>_GPIO_SetConfig</name>
         <value>0x339291</value>
         <object_component_ref idref="oc-1b2"/>
      </symbol>
      <symbol id="sm-38e">
         <name>_GPIO_WritePin</name>
         <value>0x3392a8</value>
         <object_component_ref idref="oc-1b2"/>
      </symbol>
      <symbol id="sm-3b3">
         <name>_SCIA_Reset</name>
         <value>0x3394ae</value>
         <object_component_ref idref="oc-1b1"/>
      </symbol>
      <symbol id="sm-3b5">
         <name>_SCI_SetConfig</name>
         <value>0x3393a7</value>
         <object_component_ref idref="oc-1b1"/>
      </symbol>
      <symbol id="sm-3b7">
         <name>_SCIA_EnableExtFuncIsr</name>
         <value>0x3393e8</value>
         <object_component_ref idref="oc-1b1"/>
      </symbol>
      <symbol id="sm-3b9">
         <name>_SCIA_ReadRxAll</name>
         <value>0x33946b</value>
         <object_component_ref idref="oc-1b1"/>
      </symbol>
      <symbol id="sm-3bb">
         <name>_SCIA_StartRxIsr</name>
         <value>0x3393d1</value>
         <object_component_ref idref="oc-1b1"/>
      </symbol>
      <symbol id="sm-3bd">
         <name>_SCIA_ErrorHandler</name>
         <value>0x33949b</value>
         <object_component_ref idref="oc-1b1"/>
      </symbol>
      <symbol id="sm-3bf">
         <name>_SCIA_TxData</name>
         <value>0x33943d</value>
         <object_component_ref idref="oc-1b1"/>
      </symbol>
      <symbol id="sm-3c1">
         <name>_SCIA_RxData</name>
         <value>0x339450</value>
         <object_component_ref idref="oc-1b1"/>
      </symbol>
      <symbol id="sm-3c3">
         <name>_SCI_SetFIFO</name>
         <value>0x3393b9</value>
         <object_component_ref idref="oc-1b1"/>
      </symbol>
      <symbol id="sm-3c5">
         <name>_SCIA_RxInterrupt</name>
         <value>0x339474</value>
         <object_component_ref idref="oc-1b1"/>
      </symbol>
      <symbol id="sm-3c7">
         <name>_SCIA_RxIsrClear</name>
         <value>0x33948a</value>
         <object_component_ref idref="oc-1b1"/>
      </symbol>
      <symbol id="sm-3c9">
         <name>_SCIA_Print</name>
         <value>0x3393fc</value>
         <object_component_ref idref="oc-1b1"/>
      </symbol>
      <symbol id="sm-3cb">
         <name>_SCIA_RxFifoClear</name>
         <value>0x339478</value>
         <object_component_ref idref="oc-1b1"/>
      </symbol>
      <symbol id="sm-3cd">
         <name>_SCIA_TxMsg</name>
         <value>0x33941e</value>
         <object_component_ref idref="oc-1b1"/>
      </symbol>
      <symbol id="sm-3cf">
         <name>_SCIA_EnableIsr</name>
         <value>0x3393d6</value>
         <object_component_ref idref="oc-1b1"/>
      </symbol>
      <symbol id="sm-3d1">
         <name>_SCIA_ReadRxDt</name>
         <value>0x33946f</value>
         <object_component_ref idref="oc-1b1"/>
      </symbol>
      <symbol id="sm-3e0">
         <name>_vsprintf</name>
         <value>0x339bc0</value>
         <object_component_ref idref="oc-1b7"/>
      </symbol>
      <symbol id="sm-3fc">
         <name>_c_int00</name>
         <value>0x339a91</value>
         <object_component_ref idref="oc-4c"/>
      </symbol>
      <symbol id="sm-3fd">
         <name>__stack</name>
         <value>0xd000</value>
         <object_component_ref idref="oc-e1"/>
      </symbol>
      <symbol id="sm-40c">
         <name>_copy_in</name>
         <value>0x339c95</value>
         <object_component_ref idref="oc-19e"/>
      </symbol>
      <symbol id="sm-41e">
         <name>_memcpy</name>
         <value>0x339d78</value>
         <object_component_ref idref="oc-1a5"/>
      </symbol>
      <symbol id="sm-42b">
         <name>__system_pre_init</name>
         <value>0x339e82</value>
         <object_component_ref idref="oc-19d"/>
      </symbol>
      <symbol id="sm-439">
         <name>__system_post_cinit</name>
         <value>0x339e84</value>
         <object_component_ref idref="oc-19f"/>
      </symbol>
      <symbol id="sm-44e">
         <name>C$$EXIT</name>
         <value>0x339c44</value>
         <object_component_ref idref="oc-1a1"/>
      </symbol>
      <symbol id="sm-44f">
         <name>_exit</name>
         <value>0x339c46</value>
         <object_component_ref idref="oc-1a1"/>
      </symbol>
      <symbol id="sm-451">
         <name>___TI_cleanup_ptr</name>
         <value>0xc162</value>
         <object_component_ref idref="oc-fd"/>
      </symbol>
      <symbol id="sm-452">
         <name>___TI_enable_exit_profile_output</name>
         <value>0xc160</value>
         <object_component_ref idref="oc-fd"/>
      </symbol>
      <symbol id="sm-453">
         <name>_abort</name>
         <value>0x339c44</value>
         <object_component_ref idref="oc-1a1"/>
      </symbol>
      <symbol id="sm-455">
         <name>___TI_dtors_ptr</name>
         <value>0xc164</value>
         <object_component_ref idref="oc-fd"/>
      </symbol>
      <symbol id="sm-469">
         <name>__unlock</name>
         <value>0xc166</value>
         <object_component_ref idref="oc-1ba"/>
      </symbol>
      <symbol id="sm-46a">
         <name>__lock</name>
         <value>0xc13e</value>
         <object_component_ref idref="oc-1a7"/>
      </symbol>
      <symbol id="sm-46b">
         <name>__register_lock</name>
         <value>0x339e4f</value>
         <object_component_ref idref="oc-1b4"/>
      </symbol>
      <symbol id="sm-46d">
         <name>__nop</name>
         <value>0x339e53</value>
         <object_component_ref idref="oc-1b4"/>
      </symbol>
      <symbol id="sm-46f">
         <name>__register_unlock</name>
         <value>0x339e4b</value>
         <object_component_ref idref="oc-1b4"/>
      </symbol>
      <symbol id="sm-47f">
         <name>__args_main</name>
         <value>0x339e0f</value>
         <object_component_ref idref="oc-1a0"/>
      </symbol>
      <symbol id="sm-5e3">
         <name>___TI_printfi</name>
         <value>0x338b40</value>
         <object_component_ref idref="oc-1bb"/>
      </symbol>
      <symbol id="sm-5f4">
         <name>FD$$CMP</name>
         <value>0x339bf0</value>
         <object_component_ref idref="oc-113"/>
      </symbol>
      <symbol id="sm-606">
         <name>FD$$MPY</name>
         <value>0x33995d</value>
         <object_component_ref idref="oc-118"/>
      </symbol>
      <symbol id="sm-613">
         <name>FD$$NEG</name>
         <value>0x339e54</value>
         <object_component_ref idref="oc-11d"/>
      </symbol>
      <symbol id="sm-61f">
         <name>FD$$SUB</name>
         <value>0x339e31</value>
         <object_component_ref idref="oc-122"/>
      </symbol>
      <symbol id="sm-62e">
         <name>FD$$TOI</name>
         <value>0x339cdd</value>
         <object_component_ref idref="oc-127"/>
      </symbol>
      <symbol id="sm-63d">
         <name>FD$$TOL</name>
         <value>0x339d1e</value>
         <object_component_ref idref="oc-12c"/>
      </symbol>
      <symbol id="sm-649">
         <name>LL$$AND</name>
         <value>0x339dcd</value>
         <object_component_ref idref="oc-131"/>
      </symbol>
      <symbol id="sm-64a">
         <name>LL$$OR</name>
         <value>0x339dd5</value>
         <object_component_ref idref="oc-131"/>
      </symbol>
      <symbol id="sm-64b">
         <name>LL$$XOR</name>
         <value>0x339ddd</value>
         <object_component_ref idref="oc-131"/>
      </symbol>
      <symbol id="sm-659">
         <name>ULL$$CMP</name>
         <value>0x339d4f</value>
         <object_component_ref idref="oc-136"/>
      </symbol>
      <symbol id="sm-65a">
         <name>LL$$CMP</name>
         <value>0x339d3d</value>
         <object_component_ref idref="oc-136"/>
      </symbol>
      <symbol id="sm-686">
         <name>ULL$$MOD</name>
         <value>0x33955a</value>
         <object_component_ref idref="oc-13b"/>
      </symbol>
      <symbol id="sm-687">
         <name>ULL$$DIV</name>
         <value>0x33952b</value>
         <object_component_ref idref="oc-13b"/>
      </symbol>
      <symbol id="sm-688">
         <name>LL$$MOD</name>
         <value>0x3394f1</value>
         <object_component_ref idref="oc-13b"/>
      </symbol>
      <symbol id="sm-689">
         <name>LL$$DIV</name>
         <value>0x3394b5</value>
         <object_component_ref idref="oc-13b"/>
      </symbol>
      <symbol id="sm-699">
         <name>I$$TOFD</name>
         <value>0x339d5b</value>
         <object_component_ref idref="oc-140"/>
      </symbol>
      <symbol id="sm-6a9">
         <name>L$$TOFD</name>
         <value>0x339db1</value>
         <object_component_ref idref="oc-145"/>
      </symbol>
      <symbol id="sm-6b9">
         <name>FS$$TOFD</name>
         <value>0x339d95</value>
         <object_component_ref idref="oc-14a"/>
      </symbol>
      <symbol id="sm-6d0">
         <name>FD$$DIV</name>
         <value>0x3398d2</value>
         <object_component_ref idref="oc-14f"/>
      </symbol>
      <symbol id="sm-6de">
         <name>___TI_ltoa</name>
         <value>0x339b90</value>
         <object_component_ref idref="oc-1c4"/>
      </symbol>
      <symbol id="sm-6f3">
         <name>_atoi</name>
         <value>0x339b2f</value>
         <object_component_ref idref="oc-1bc"/>
      </symbol>
      <symbol id="sm-6fc">
         <name>__ctypes_</name>
         <value>0x339e86</value>
         <object_component_ref idref="oc-1c3"/>
      </symbol>
      <symbol id="sm-70b">
         <name>_memccpy</name>
         <value>0x339e21</value>
         <object_component_ref idref="oc-1c1"/>
      </symbol>
      <symbol id="sm-71a">
         <name>_memset</name>
         <value>0x339e76</value>
         <object_component_ref idref="oc-1be"/>
      </symbol>
      <symbol id="sm-72a">
         <name>_strchr</name>
         <value>0x339e3f</value>
         <object_component_ref idref="oc-1c7"/>
      </symbol>
      <symbol id="sm-738">
         <name>_strcpy</name>
         <value>0x339e7d</value>
         <object_component_ref idref="oc-1bf"/>
      </symbol>
      <symbol id="sm-746">
         <name>_strlen</name>
         <value>0x339e6e</value>
         <object_component_ref idref="oc-1bd"/>
      </symbol>
      <symbol id="sm-75a">
         <name>_frexpl</name>
         <value>0x3399e0</value>
         <object_component_ref idref="oc-1c5"/>
      </symbol>
      <symbol id="sm-779">
         <name>_scalbnl</name>
         <value>0x33978d</value>
         <object_component_ref idref="oc-1c6"/>
      </symbol>
      <symbol id="sm-77b">
         <name>_ldexpl</name>
         <value>0x33978d</value>
         <object_component_ref idref="oc-1c6"/>
      </symbol>
      <symbol id="sm-789">
         <name>_wcslen</name>
         <value>0x339e5d</value>
         <object_component_ref idref="oc-1c2"/>
      </symbol>
      <symbol id="sm-7a5">
         <name>FD$$ADD</name>
         <value>0x339836</value>
         <object_component_ref idref="oc-18a"/>
      </symbol>
      <symbol id="sm-7b1">
         <name>UL$$MOD</name>
         <value>0x339c3e</value>
         <object_component_ref idref="oc-18f"/>
      </symbol>
      <symbol id="sm-7b2">
         <name>L$$MOD</name>
         <value>0x339c29</value>
         <object_component_ref idref="oc-18f"/>
      </symbol>
      <symbol id="sm-7b3">
         <name>L$$DIV</name>
         <value>0x339c1a</value>
         <object_component_ref idref="oc-18f"/>
      </symbol>
      <symbol id="sm-7b4">
         <name>UL$$DIV</name>
         <value>0x339c37</value>
         <object_component_ref idref="oc-18f"/>
      </symbol>
      <symbol id="sm-7be">
         <name>_errno</name>
         <value>0xc168</value>
         <object_component_ref idref="oc-196"/>
      </symbol>
      <symbol id="sm-7cb">
         <name>_copysignl</name>
         <value>0x339cb9</value>
         <object_component_ref idref="oc-1c8"/>
      </symbol>
   </symbol_table>
   <title>Link successful</title>
</link_info>
